Command line invocation:
    /Applications/Xcode.app/Contents/Developer/usr/bin/xcodebuild -project Snackbar.xcodeproj -scheme Snackbar -configuration Release -derivedDataPath .build build

2026-05-02 21:55:19.242 xcodebuild[25439:592364] [MT] IDERunDestination: Supported platforms for the buildables in the current scheme is empty.
--- xcodebuild: WARNING: Using the first of multiple matching destinations:
{ platform:macOS, arch:arm64, id:00008112-00051896012A201E, name:My Mac }
{ platform:macOS, arch:x86_64, id:00008112-00051896012A201E, name:My Mac }
{ platform:macOS, name:Any Mac }
ComputePackagePrebuildTargetDependencyGraph

Prepare packages

CreateBuildRequest

SendProjectDescription

CreateBuildOperation

ComputeTargetDependencyGraph
note: Building targets in dependency order
note: Target dependency graph (2 targets)
    Target 'Snackbar' in project 'Snackbar'
        ➜ Explicit dependency on target 'SnackbarCore' in project 'Snackbar'
    Target 'SnackbarCore' in project 'Snackbar' (no dependencies)

GatherProvisioningInputs

CreateBuildDescription

ClangStatCache /Applications/Xcode.app/Contents/Developer/Toolchains/XcodeDefault.xctoolchain/usr/bin/clang-stat-cache /Applications/Xcode.app/Contents/Developer/Platforms/MacOSX.platform/Developer/SDKs/MacOSX26.4.sdk /Users/fredbook/Code/Apps/Snackbar/.build/SDKStatCaches.noindex/macosx26.4-25E251-30f9ca8789b706f8bd3fc906a70d770f.sdkstatcache
    cd /Users/fredbook/Code/Apps/Snackbar/Snackbar.xcodeproj
    /Applications/Xcode.app/Contents/Developer/Toolchains/XcodeDefault.xctoolchain/usr/bin/clang-stat-cache /Applications/Xcode.app/Contents/Developer/Platforms/MacOSX.platform/Developer/SDKs/MacOSX26.4.sdk -o /Users/fredbook/Code/Apps/Snackbar/.build/SDKStatCaches.noindex/macosx26.4-25E251-30f9ca8789b706f8bd3fc906a70d770f.sdkstatcache

Copy /Users/fredbook/Code/Apps/Snackbar/.build/Build/Products/Release/Snackbar.app/Contents/Frameworks/SnackbarCore.framework /Users/fredbook/Code/Apps/Snackbar/.build/Build/Products/Release/SnackbarCore.framework (in target 'Snackbar' from project 'Snackbar')
    cd /Users/fredbook/Code/Apps/Snackbar
    builtin-copy -exclude .DS_Store -exclude CVS -exclude .svn -exclude .git -exclude .hg -exclude Headers -exclude PrivateHeaders -exclude Modules -exclude \*.tbd -resolve-src-symlinks -remove-static-executable /Users/fredbook/Code/Apps/Snackbar/.build/Build/Products/Release/SnackbarCore.framework /Users/fredbook/Code/Apps/Snackbar/.build/Build/Products/Release/Snackbar.app/Contents/Frameworks

CodeSign /Users/fredbook/Code/Apps/Snackbar/.build/Build/Products/Release/Snackbar.app/Contents/Frameworks/SnackbarCore.framework/Versions/A (in target 'Snackbar' from project 'Snackbar')
    cd /Users/fredbook/Code/Apps/Snackbar
    
    Signing Identity:     "Sign to Run Locally"
    
    /usr/bin/codesign --force --sign - --timestamp\=none --preserve-metadata\=identifier,entitlements,flags --generate-entitlement-der /Users/fredbook/Code/Apps/Snackbar/.build/Build/Products/Release/Snackbar.app/Contents/Frameworks/SnackbarCore.framework/Versions/A
/Users/fredbook/Code/Apps/Snackbar/.build/Build/Products/Release/Snackbar.app/Contents/Frameworks/SnackbarCore.framework/Versions/A: bundle format unrecognized, invalid, or unsuitable
Command CodeSign failed with a nonzero exit code

ProcessInfoPlistFile /Users/fredbook/Code/Apps/Snackbar/.build/Build/Products/Release/Snackbar.app/Contents/Info.plist /Users/fredbook/Code/Apps/Snackbar/Resources/Info.plist (in target 'Snackbar' from project 'Snackbar')
    cd /Users/fredbook/Code/Apps/Snackbar
    builtin-infoPlistUtility /Users/fredbook/Code/Apps/Snackbar/Resources/Info.plist -producttype com.apple.product-type.application -genpkginfo /Users/fredbook/Code/Apps/Snackbar/.build/Build/Products/Release/Snackbar.app/Contents/PkgInfo -expandbuildsettings -platform macosx -scanforprivacyfile /Users/fredbook/Code/Apps/Snackbar/.build/Build/Products/Release/Snackbar.app/Contents/Frameworks/SnackbarCore.framework -o /Users/fredbook/Code/Apps/Snackbar/.build/Build/Products/Release/Snackbar.app/Contents/Info.plist

GenerateDSYMFile /Users/fredbook/Code/Apps/Snackbar/.build/Build/Products/Release/Snackbar.app.dSYM /Users/fredbook/Code/Apps/Snackbar/.build/Build/Products/Release/Snackbar.app/Contents/MacOS/Snackbar (in target 'Snackbar' from project 'Snackbar')
    cd /Users/fredbook/Code/Apps/Snackbar
    /Applications/Xcode.app/Contents/Developer/Toolchains/XcodeDefault.xctoolchain/usr/bin/dsymutil /Users/fredbook/Code/Apps/Snackbar/.build/Build/Products/Release/Snackbar.app/Contents/MacOS/Snackbar -o /Users/fredbook/Code/Apps/Snackbar/.build/Build/Products/Release/Snackbar.app.dSYM

/Users/fredbook/Code/Apps/Snackbar/Snackbar.xcodeproj: warning: DEFINES_MODULE was set, but no umbrella header could be found to generate the module map (in target 'SnackbarCore' from project 'Snackbar')
** BUILD FAILED **


The following build commands failed:
	CodeSign /Users/fredbook/Code/Apps/Snackbar/.build/Build/Products/Release/Snackbar.app/Contents/Frameworks/SnackbarCore.framework/Versions/A (in target 'Snackbar' from project 'Snackbar')
	Building project Snackbar with scheme Snackbar and configuration Release
(2 failures)
